

================================================================
== Vitis HLS Report for 'krnl_globalSort_L3_Pipeline_VITIS_LOOP_875_1'
================================================================
* Date:           Wed May 22 14:54:27 2024

* Version:        2022.1 (Build 3526262 on Mon Apr 18 15:47:01 MDT 2022)
* Project:        project
* Solution:       krnl_globalSort_L3 (Vivado IP Flow Target)
* Product family: virtexuplus
* Target device:  xcu55c-fsvh2892-2L-e


================================================================
== Performance Estimates
================================================================
+ Timing: 
    * Summary: 
    +--------+---------+----------+------------+
    |  Clock |  Target | Estimated| Uncertainty|
    +--------+---------+----------+------------+
    |ap_clk  |  3.33 ns|  1.215 ns|     0.90 ns|
    +--------+---------+----------+------------+

+ Latency: 
    * Summary: 
    +---------+---------+-----------+-----------+-----+-----+---------+
    |  Latency (cycles) |   Latency (absolute)  |  Interval | Pipeline|
    |   min   |   max   |    min    |    max    | min | max |   Type  |
    +---------+---------+-----------+-----------+-----+-----+---------+
    |       12|       12|  39.960 ns|  39.960 ns|   12|   12|       no|
    +---------+---------+-----------+-----------+-----+-----+---------+

    + Detail: 
        * Instance: 
        N/A

        * Loop: 
        +--------------------+---------+---------+----------+-----------+-----------+------+----------+
        |                    |  Latency (cycles) | Iteration|  Initiation Interval  | Trip |          |
        |      Loop Name     |   min   |   max   |  Latency |  achieved |   target  | Count| Pipelined|
        +--------------------+---------+---------+----------+-----------+-----------+------+----------+
        |- VITIS_LOOP_875_1  |       10|       10|         2|          1|          1|    10|       yes|
        +--------------------+---------+---------+----------+-----------+-----------+------+----------+



================================================================
== Utilization Estimates
================================================================
* Summary: 
+---------------------+---------+------+---------+---------+-----+
|         Name        | BRAM_18K|  DSP |    FF   |   LUT   | URAM|
+---------------------+---------+------+---------+---------+-----+
|DSP                  |        -|     -|        -|        -|    -|
|Expression           |        -|     -|        0|       27|    -|
|FIFO                 |        -|     -|        -|        -|    -|
|Instance             |        -|     -|        -|        -|    -|
|Memory               |        -|     -|        -|        -|    -|
|Multiplexer          |        -|     -|        -|       54|    -|
|Register             |        -|     -|      651|        -|    -|
+---------------------+---------+------+---------+---------+-----+
|Total                |        0|     0|      651|       81|    0|
+---------------------+---------+------+---------+---------+-----+
|Available SLR        |     1344|  3008|   869120|   434560|  320|
+---------------------+---------+------+---------+---------+-----+
|Utilization SLR (%)  |        0|     0|       ~0|       ~0|    0|
+---------------------+---------+------+---------+---------+-----+
|Available            |     4032|  9024|  2607360|  1303680|  960|
+---------------------+---------+------+---------+---------+-----+
|Utilization (%)      |        0|     0|       ~0|       ~0|    0|
+---------------------+---------+------+---------+---------+-----+

+ Detail: 
    * Instance: 
    N/A

    * DSP: 
    N/A

    * Memory: 
    N/A

    * FIFO: 
    N/A

    * Expression: 
    +----------------------------------+----------+----+---+----+------------+------------+
    |           Variable Name          | Operation| DSP| FF| LUT| Bitwidth P0| Bitwidth P1|
    +----------------------------------+----------+----+---+----+------------+------------+
    |add_ln875_fu_340_p2               |         +|   0|  0|  12|           4|           1|
    |ap_block_pp0_stage0_01001         |       and|   0|  0|   2|           1|           1|
    |icmp_ln875_fu_334_p2              |      icmp|   0|  0|   9|           4|           4|
    |ap_block_state2_pp0_stage0_iter1  |        or|   0|  0|   2|           1|           1|
    |ap_enable_pp0                     |       xor|   0|  0|   2|           1|           2|
    +----------------------------------+----------+----+---+----+------------+------------+
    |Total                             |          |   0|  0|  27|          11|           9|
    +----------------------------------+----------+----+---+----+------------+------------+

    * Multiplexer: 
    +-------------------------+----+-----------+-----+-----------+
    |           Name          | LUT| Input Size| Bits| Total Bits|
    +-------------------------+----+-----------+-----+-----------+
    |ap_done_int              |   9|          2|    1|          2|
    |ap_enable_reg_pp0_iter1  |   9|          2|    1|          2|
    |ap_sig_allocacmp_i_2     |   9|          2|    4|          8|
    |i_fu_90                  |   9|          2|    4|          8|
    |in_dist0_s_blk_n         |   9|          2|    1|          2|
    |in_dist1_s_blk_n         |   9|          2|    1|          2|
    +-------------------------+----+-----------+-----+-----------+
    |Total                    |  54|         12|   12|         24|
    +-------------------------+----+-----------+-----+-----------+

    * Register: 
    +-------------------------------------+----+----+-----+-----------+
    |                 Name                | FF | LUT| Bits| Const Bits|
    +-------------------------------------+----+----+-----+-----------+
    |ap_CS_fsm                            |   1|   0|    1|          0|
    |ap_done_reg                          |   1|   0|    1|          0|
    |ap_enable_reg_pp0_iter1              |   1|   0|    1|          0|
    |i_2_reg_674                          |   4|   0|    4|          0|
    |i_fu_90                              |   4|   0|    4|          0|
    |local_kNearstDist_partial_10_fu_126  |  32|   0|   32|          0|
    |local_kNearstDist_partial_11_fu_130  |  32|   0|   32|          0|
    |local_kNearstDist_partial_12_fu_134  |  32|   0|   32|          0|
    |local_kNearstDist_partial_13_fu_138  |  32|   0|   32|          0|
    |local_kNearstDist_partial_14_fu_142  |  32|   0|   32|          0|
    |local_kNearstDist_partial_15_fu_146  |  32|   0|   32|          0|
    |local_kNearstDist_partial_16_fu_150  |  32|   0|   32|          0|
    |local_kNearstDist_partial_17_fu_154  |  32|   0|   32|          0|
    |local_kNearstDist_partial_18_fu_158  |  32|   0|   32|          0|
    |local_kNearstDist_partial_19_fu_162  |  32|   0|   32|          0|
    |local_kNearstDist_partial_20_fu_166  |  32|   0|   32|          0|
    |local_kNearstDist_partial_21_fu_170  |  32|   0|   32|          0|
    |local_kNearstDist_partial_2_fu_94    |  32|   0|   32|          0|
    |local_kNearstDist_partial_3_fu_98    |  32|   0|   32|          0|
    |local_kNearstDist_partial_4_fu_102   |  32|   0|   32|          0|
    |local_kNearstDist_partial_5_fu_106   |  32|   0|   32|          0|
    |local_kNearstDist_partial_6_fu_110   |  32|   0|   32|          0|
    |local_kNearstDist_partial_7_fu_114   |  32|   0|   32|          0|
    |local_kNearstDist_partial_8_fu_118   |  32|   0|   32|          0|
    |local_kNearstDist_partial_9_fu_122   |  32|   0|   32|          0|
    +-------------------------------------+----+----+-----+-----------+
    |Total                                | 651|   0|  651|          0|
    +-------------------------------------+----+----+-----+-----------+



================================================================
== Interface
================================================================
* Summary: 
+-------------------------------------------+-----+-----+------------+----------------------------------------------+--------------+
|                 RTL Ports                 | Dir | Bits|  Protocol  |                 Source Object                |    C Type    |
+-------------------------------------------+-----+-----+------------+----------------------------------------------+--------------+
|ap_clk                                     |   in|    1|  ap_ctrl_hs|  krnl_globalSort_L3_Pipeline_VITIS_LOOP_875_1|  return value|
|ap_rst                                     |   in|    1|  ap_ctrl_hs|  krnl_globalSort_L3_Pipeline_VITIS_LOOP_875_1|  return value|
|ap_start                                   |   in|    1|  ap_ctrl_hs|  krnl_globalSort_L3_Pipeline_VITIS_LOOP_875_1|  return value|
|ap_done                                    |  out|    1|  ap_ctrl_hs|  krnl_globalSort_L3_Pipeline_VITIS_LOOP_875_1|  return value|
|ap_idle                                    |  out|    1|  ap_ctrl_hs|  krnl_globalSort_L3_Pipeline_VITIS_LOOP_875_1|  return value|
|ap_ready                                   |  out|    1|  ap_ctrl_hs|  krnl_globalSort_L3_Pipeline_VITIS_LOOP_875_1|  return value|
|in_dist0_s_dout                            |   in|   45|     ap_fifo|                                    in_dist0_s|       pointer|
|in_dist0_s_empty_n                         |   in|    1|     ap_fifo|                                    in_dist0_s|       pointer|
|in_dist0_s_read                            |  out|    1|     ap_fifo|                                    in_dist0_s|       pointer|
|in_dist1_s_dout                            |   in|   45|     ap_fifo|                                    in_dist1_s|       pointer|
|in_dist1_s_empty_n                         |   in|    1|     ap_fifo|                                    in_dist1_s|       pointer|
|in_dist1_s_read                            |  out|    1|     ap_fifo|                                    in_dist1_s|       pointer|
|local_kNearstDist_partial_1928_out         |  out|   32|      ap_vld|            local_kNearstDist_partial_1928_out|       pointer|
|local_kNearstDist_partial_1928_out_ap_vld  |  out|    1|      ap_vld|            local_kNearstDist_partial_1928_out|       pointer|
|local_kNearstDist_partial_1827_out         |  out|   32|      ap_vld|            local_kNearstDist_partial_1827_out|       pointer|
|local_kNearstDist_partial_1827_out_ap_vld  |  out|    1|      ap_vld|            local_kNearstDist_partial_1827_out|       pointer|
|local_kNearstDist_partial_1726_out         |  out|   32|      ap_vld|            local_kNearstDist_partial_1726_out|       pointer|
|local_kNearstDist_partial_1726_out_ap_vld  |  out|    1|      ap_vld|            local_kNearstDist_partial_1726_out|       pointer|
|local_kNearstDist_partial_1625_out         |  out|   32|      ap_vld|            local_kNearstDist_partial_1625_out|       pointer|
|local_kNearstDist_partial_1625_out_ap_vld  |  out|    1|      ap_vld|            local_kNearstDist_partial_1625_out|       pointer|
|local_kNearstDist_partial_1524_out         |  out|   32|      ap_vld|            local_kNearstDist_partial_1524_out|       pointer|
|local_kNearstDist_partial_1524_out_ap_vld  |  out|    1|      ap_vld|            local_kNearstDist_partial_1524_out|       pointer|
|local_kNearstDist_partial_1423_out         |  out|   32|      ap_vld|            local_kNearstDist_partial_1423_out|       pointer|
|local_kNearstDist_partial_1423_out_ap_vld  |  out|    1|      ap_vld|            local_kNearstDist_partial_1423_out|       pointer|
|local_kNearstDist_partial_1322_out         |  out|   32|      ap_vld|            local_kNearstDist_partial_1322_out|       pointer|
|local_kNearstDist_partial_1322_out_ap_vld  |  out|    1|      ap_vld|            local_kNearstDist_partial_1322_out|       pointer|
|local_kNearstDist_partial_1221_out         |  out|   32|      ap_vld|            local_kNearstDist_partial_1221_out|       pointer|
|local_kNearstDist_partial_1221_out_ap_vld  |  out|    1|      ap_vld|            local_kNearstDist_partial_1221_out|       pointer|
|local_kNearstDist_partial_1120_out         |  out|   32|      ap_vld|            local_kNearstDist_partial_1120_out|       pointer|
|local_kNearstDist_partial_1120_out_ap_vld  |  out|    1|      ap_vld|            local_kNearstDist_partial_1120_out|       pointer|
|local_kNearstDist_partial_1019_out         |  out|   32|      ap_vld|            local_kNearstDist_partial_1019_out|       pointer|
|local_kNearstDist_partial_1019_out_ap_vld  |  out|    1|      ap_vld|            local_kNearstDist_partial_1019_out|       pointer|
|local_kNearstDist_partial_918_out          |  out|   32|      ap_vld|             local_kNearstDist_partial_918_out|       pointer|
|local_kNearstDist_partial_918_out_ap_vld   |  out|    1|      ap_vld|             local_kNearstDist_partial_918_out|       pointer|
|local_kNearstDist_partial_817_out          |  out|   32|      ap_vld|             local_kNearstDist_partial_817_out|       pointer|
|local_kNearstDist_partial_817_out_ap_vld   |  out|    1|      ap_vld|             local_kNearstDist_partial_817_out|       pointer|
|local_kNearstDist_partial_716_out          |  out|   32|      ap_vld|             local_kNearstDist_partial_716_out|       pointer|
|local_kNearstDist_partial_716_out_ap_vld   |  out|    1|      ap_vld|             local_kNearstDist_partial_716_out|       pointer|
|local_kNearstDist_partial_615_out          |  out|   32|      ap_vld|             local_kNearstDist_partial_615_out|       pointer|
|local_kNearstDist_partial_615_out_ap_vld   |  out|    1|      ap_vld|             local_kNearstDist_partial_615_out|       pointer|
|local_kNearstDist_partial_514_out          |  out|   32|      ap_vld|             local_kNearstDist_partial_514_out|       pointer|
|local_kNearstDist_partial_514_out_ap_vld   |  out|    1|      ap_vld|             local_kNearstDist_partial_514_out|       pointer|
|local_kNearstDist_partial_413_out          |  out|   32|      ap_vld|             local_kNearstDist_partial_413_out|       pointer|
|local_kNearstDist_partial_413_out_ap_vld   |  out|    1|      ap_vld|             local_kNearstDist_partial_413_out|       pointer|
|local_kNearstDist_partial_312_out          |  out|   32|      ap_vld|             local_kNearstDist_partial_312_out|       pointer|
|local_kNearstDist_partial_312_out_ap_vld   |  out|    1|      ap_vld|             local_kNearstDist_partial_312_out|       pointer|
|local_kNearstDist_partial_211_out          |  out|   32|      ap_vld|             local_kNearstDist_partial_211_out|       pointer|
|local_kNearstDist_partial_211_out_ap_vld   |  out|    1|      ap_vld|             local_kNearstDist_partial_211_out|       pointer|
|local_kNearstDist_partial_110_out          |  out|   32|      ap_vld|             local_kNearstDist_partial_110_out|       pointer|
|local_kNearstDist_partial_110_out_ap_vld   |  out|    1|      ap_vld|             local_kNearstDist_partial_110_out|       pointer|
|local_kNearstDist_partial1_out             |  out|   32|      ap_vld|                local_kNearstDist_partial1_out|       pointer|
|local_kNearstDist_partial1_out_ap_vld      |  out|    1|      ap_vld|                local_kNearstDist_partial1_out|       pointer|
+-------------------------------------------+-----+-----+------------+----------------------------------------------+--------------+

