

================================================================
== Vitis HLS Report for 'krnl_globalSort_L1_L2_Pipeline_VITIS_LOOP_824_2'
================================================================
* Date:           Wed May 22 14:54:26 2024

* Version:        2022.1 (Build 3526262 on Mon Apr 18 15:47:01 MDT 2022)
* Project:        project
* Solution:       krnl_globalSort_L1_L2 (Vivado IP Flow Target)
* Product family: virtexuplus
* Target device:  xcu55c-fsvh2892-2L-e


================================================================
== Performance Estimates
================================================================
+ Timing: 
    * Summary: 
    +--------+---------+----------+------------+
    |  Clock |  Target | Estimated| Uncertainty|
    +--------+---------+----------+------------+
    |ap_clk  |  3.33 ns|  1.215 ns|     0.90 ns|
    +--------+---------+----------+------------+

+ Latency: 
    * Summary: 
    +---------+---------+-----------+-----------+-----+-----+---------+
    |  Latency (cycles) |   Latency (absolute)  |  Interval | Pipeline|
    |   min   |   max   |    min    |    max    | min | max |   Type  |
    +---------+---------+-----------+-----------+-----+-----+---------+
    |       12|       12|  39.960 ns|  39.960 ns|   12|   12|       no|
    +---------+---------+-----------+-----------+-----+-----+---------+

    + Detail: 
        * Instance: 
        N/A

        * Loop: 
        +--------------------+---------+---------+----------+-----------+-----------+------+----------+
        |                    |  Latency (cycles) | Iteration|  Initiation Interval  | Trip |          |
        |      Loop Name     |   min   |   max   |  Latency |  achieved |   target  | Count| Pipelined|
        +--------------------+---------+---------+----------+-----------+-----------+------+----------+
        |- VITIS_LOOP_824_2  |       10|       10|         2|          1|          1|    10|       yes|
        +--------------------+---------+---------+----------+-----------+-----------+------+----------+



================================================================
== Utilization Estimates
================================================================
* Summary: 
+---------------------+---------+------+---------+---------+-----+
|         Name        | BRAM_18K|  DSP |    FF   |   LUT   | URAM|
+---------------------+---------+------+---------+---------+-----+
|DSP                  |        -|     -|        -|        -|    -|
|Expression           |        -|     -|        0|       27|    -|
|FIFO                 |        -|     -|        -|        -|    -|
|Instance             |        -|     -|        -|        -|    -|
|Memory               |        -|     -|        -|        -|    -|
|Multiplexer          |        -|     -|        -|       63|    -|
|Register             |        -|     -|      971|        -|    -|
+---------------------+---------+------+---------+---------+-----+
|Total                |        0|     0|      971|       90|    0|
+---------------------+---------+------+---------+---------+-----+
|Available SLR        |     1344|  3008|   869120|   434560|  320|
+---------------------+---------+------+---------+---------+-----+
|Utilization SLR (%)  |        0|     0|       ~0|       ~0|    0|
+---------------------+---------+------+---------+---------+-----+
|Available            |     4032|  9024|  2607360|  1303680|  960|
+---------------------+---------+------+---------+---------+-----+
|Utilization (%)      |        0|     0|       ~0|       ~0|    0|
+---------------------+---------+------+---------+---------+-----+

+ Detail: 
    * Instance: 
    N/A

    * DSP: 
    N/A

    * Memory: 
    N/A

    * FIFO: 
    N/A

    * Expression: 
    +----------------------------------+----------+----+---+----+------------+------------+
    |           Variable Name          | Operation| DSP| FF| LUT| Bitwidth P0| Bitwidth P1|
    +----------------------------------+----------+----+---+----+------------+------------+
    |add_ln824_fu_478_p2               |         +|   0|  0|  12|           4|           1|
    |ap_block_pp0_stage0_01001         |       and|   0|  0|   2|           1|           1|
    |icmp_ln824_fu_472_p2              |      icmp|   0|  0|   9|           4|           4|
    |ap_block_state2_pp0_stage0_iter1  |        or|   0|  0|   2|           1|           1|
    |ap_enable_pp0                     |       xor|   0|  0|   2|           1|           2|
    +----------------------------------+----------+----+---+----+------------+------------+
    |Total                             |          |   0|  0|  27|          11|           9|
    +----------------------------------+----------+----+---+----+------------+------------+

    * Multiplexer: 
    +-------------------------+----+-----------+-----+-----------+
    |           Name          | LUT| Input Size| Bits| Total Bits|
    +-------------------------+----+-----------+-----+-----------+
    |ap_done_int              |   9|          2|    1|          2|
    |ap_enable_reg_pp0_iter1  |   9|          2|    1|          2|
    |ap_sig_allocacmp_i       |   9|          2|    4|          8|
    |i_1_fu_112               |   9|          2|    4|          8|
    |in_id0_s_blk_n           |   9|          2|    1|          2|
    |in_id1_s_blk_n           |   9|          2|    1|          2|
    |in_id2_s_blk_n           |   9|          2|    1|          2|
    +-------------------------+----+-----------+-----+-----------+
    |Total                    |  63|         14|   13|         26|
    +-------------------------+----+-----------+-----+-----------+

    * Register: 
    +-----------------------------------+----+----+-----+-----------+
    |                Name               | FF | LUT| Bits| Const Bits|
    +-----------------------------------+----+----+-----+-----------+
    |ap_CS_fsm                          |   1|   0|    1|          0|
    |ap_done_reg                        |   1|   0|    1|          0|
    |ap_enable_reg_pp0_iter1            |   1|   0|    1|          0|
    |i_1_fu_112                         |   4|   0|    4|          0|
    |i_reg_958                          |   4|   0|    4|          0|
    |local_kNearstId_partial_10_fu_156  |  32|   0|   32|          0|
    |local_kNearstId_partial_11_fu_160  |  32|   0|   32|          0|
    |local_kNearstId_partial_12_fu_164  |  32|   0|   32|          0|
    |local_kNearstId_partial_13_fu_168  |  32|   0|   32|          0|
    |local_kNearstId_partial_14_fu_172  |  32|   0|   32|          0|
    |local_kNearstId_partial_15_fu_176  |  32|   0|   32|          0|
    |local_kNearstId_partial_16_fu_180  |  32|   0|   32|          0|
    |local_kNearstId_partial_17_fu_184  |  32|   0|   32|          0|
    |local_kNearstId_partial_18_fu_188  |  32|   0|   32|          0|
    |local_kNearstId_partial_19_fu_192  |  32|   0|   32|          0|
    |local_kNearstId_partial_1_fu_120   |  32|   0|   32|          0|
    |local_kNearstId_partial_20_fu_196  |  32|   0|   32|          0|
    |local_kNearstId_partial_21_fu_200  |  32|   0|   32|          0|
    |local_kNearstId_partial_22_fu_204  |  32|   0|   32|          0|
    |local_kNearstId_partial_23_fu_208  |  32|   0|   32|          0|
    |local_kNearstId_partial_24_fu_212  |  32|   0|   32|          0|
    |local_kNearstId_partial_25_fu_216  |  32|   0|   32|          0|
    |local_kNearstId_partial_26_fu_220  |  32|   0|   32|          0|
    |local_kNearstId_partial_27_fu_224  |  32|   0|   32|          0|
    |local_kNearstId_partial_28_fu_228  |  32|   0|   32|          0|
    |local_kNearstId_partial_29_fu_232  |  32|   0|   32|          0|
    |local_kNearstId_partial_2_fu_124   |  32|   0|   32|          0|
    |local_kNearstId_partial_3_fu_128   |  32|   0|   32|          0|
    |local_kNearstId_partial_4_fu_132   |  32|   0|   32|          0|
    |local_kNearstId_partial_5_fu_136   |  32|   0|   32|          0|
    |local_kNearstId_partial_6_fu_140   |  32|   0|   32|          0|
    |local_kNearstId_partial_7_fu_144   |  32|   0|   32|          0|
    |local_kNearstId_partial_8_fu_148   |  32|   0|   32|          0|
    |local_kNearstId_partial_9_fu_152   |  32|   0|   32|          0|
    |local_kNearstId_partial_fu_116     |  32|   0|   32|          0|
    +-----------------------------------+----+----+-----+-----------+
    |Total                              | 971|   0|  971|          0|
    +-----------------------------------+----+----+-----+-----------+



================================================================
== Interface
================================================================
* Summary: 
+-----------------------------------------+-----+-----+------------+-------------------------------------------------+--------------+
|                RTL Ports                | Dir | Bits|  Protocol  |                  Source Object                  |    C Type    |
+-----------------------------------------+-----+-----+------------+-------------------------------------------------+--------------+
|ap_clk                                   |   in|    1|  ap_ctrl_hs|  krnl_globalSort_L1_L2_Pipeline_VITIS_LOOP_824_2|  return value|
|ap_rst                                   |   in|    1|  ap_ctrl_hs|  krnl_globalSort_L1_L2_Pipeline_VITIS_LOOP_824_2|  return value|
|ap_start                                 |   in|    1|  ap_ctrl_hs|  krnl_globalSort_L1_L2_Pipeline_VITIS_LOOP_824_2|  return value|
|ap_done                                  |  out|    1|  ap_ctrl_hs|  krnl_globalSort_L1_L2_Pipeline_VITIS_LOOP_824_2|  return value|
|ap_idle                                  |  out|    1|  ap_ctrl_hs|  krnl_globalSort_L1_L2_Pipeline_VITIS_LOOP_824_2|  return value|
|ap_ready                                 |  out|    1|  ap_ctrl_hs|  krnl_globalSort_L1_L2_Pipeline_VITIS_LOOP_824_2|  return value|
|in_id0_s_dout                            |   in|   45|     ap_fifo|                                         in_id0_s|       pointer|
|in_id0_s_empty_n                         |   in|    1|     ap_fifo|                                         in_id0_s|       pointer|
|in_id0_s_read                            |  out|    1|     ap_fifo|                                         in_id0_s|       pointer|
|in_id1_s_dout                            |   in|   45|     ap_fifo|                                         in_id1_s|       pointer|
|in_id1_s_empty_n                         |   in|    1|     ap_fifo|                                         in_id1_s|       pointer|
|in_id1_s_read                            |  out|    1|     ap_fifo|                                         in_id1_s|       pointer|
|in_id2_s_dout                            |   in|   45|     ap_fifo|                                         in_id2_s|       pointer|
|in_id2_s_empty_n                         |   in|    1|     ap_fifo|                                         in_id2_s|       pointer|
|in_id2_s_read                            |  out|    1|     ap_fifo|                                         in_id2_s|       pointer|
|local_kNearstId_partial_2968_out         |  out|   32|      ap_vld|                 local_kNearstId_partial_2968_out|       pointer|
|local_kNearstId_partial_2968_out_ap_vld  |  out|    1|      ap_vld|                 local_kNearstId_partial_2968_out|       pointer|
|local_kNearstId_partial_2867_out         |  out|   32|      ap_vld|                 local_kNearstId_partial_2867_out|       pointer|
|local_kNearstId_partial_2867_out_ap_vld  |  out|    1|      ap_vld|                 local_kNearstId_partial_2867_out|       pointer|
|local_kNearstId_partial_2766_out         |  out|   32|      ap_vld|                 local_kNearstId_partial_2766_out|       pointer|
|local_kNearstId_partial_2766_out_ap_vld  |  out|    1|      ap_vld|                 local_kNearstId_partial_2766_out|       pointer|
|local_kNearstId_partial_2665_out         |  out|   32|      ap_vld|                 local_kNearstId_partial_2665_out|       pointer|
|local_kNearstId_partial_2665_out_ap_vld  |  out|    1|      ap_vld|                 local_kNearstId_partial_2665_out|       pointer|
|local_kNearstId_partial_2564_out         |  out|   32|      ap_vld|                 local_kNearstId_partial_2564_out|       pointer|
|local_kNearstId_partial_2564_out_ap_vld  |  out|    1|      ap_vld|                 local_kNearstId_partial_2564_out|       pointer|
|local_kNearstId_partial_2463_out         |  out|   32|      ap_vld|                 local_kNearstId_partial_2463_out|       pointer|
|local_kNearstId_partial_2463_out_ap_vld  |  out|    1|      ap_vld|                 local_kNearstId_partial_2463_out|       pointer|
|local_kNearstId_partial_2362_out         |  out|   32|      ap_vld|                 local_kNearstId_partial_2362_out|       pointer|
|local_kNearstId_partial_2362_out_ap_vld  |  out|    1|      ap_vld|                 local_kNearstId_partial_2362_out|       pointer|
|local_kNearstId_partial_2261_out         |  out|   32|      ap_vld|                 local_kNearstId_partial_2261_out|       pointer|
|local_kNearstId_partial_2261_out_ap_vld  |  out|    1|      ap_vld|                 local_kNearstId_partial_2261_out|       pointer|
|local_kNearstId_partial_2160_out         |  out|   32|      ap_vld|                 local_kNearstId_partial_2160_out|       pointer|
|local_kNearstId_partial_2160_out_ap_vld  |  out|    1|      ap_vld|                 local_kNearstId_partial_2160_out|       pointer|
|local_kNearstId_partial_2059_out         |  out|   32|      ap_vld|                 local_kNearstId_partial_2059_out|       pointer|
|local_kNearstId_partial_2059_out_ap_vld  |  out|    1|      ap_vld|                 local_kNearstId_partial_2059_out|       pointer|
|local_kNearstId_partial_1958_out         |  out|   32|      ap_vld|                 local_kNearstId_partial_1958_out|       pointer|
|local_kNearstId_partial_1958_out_ap_vld  |  out|    1|      ap_vld|                 local_kNearstId_partial_1958_out|       pointer|
|local_kNearstId_partial_1857_out         |  out|   32|      ap_vld|                 local_kNearstId_partial_1857_out|       pointer|
|local_kNearstId_partial_1857_out_ap_vld  |  out|    1|      ap_vld|                 local_kNearstId_partial_1857_out|       pointer|
|local_kNearstId_partial_1756_out         |  out|   32|      ap_vld|                 local_kNearstId_partial_1756_out|       pointer|
|local_kNearstId_partial_1756_out_ap_vld  |  out|    1|      ap_vld|                 local_kNearstId_partial_1756_out|       pointer|
|local_kNearstId_partial_1655_out         |  out|   32|      ap_vld|                 local_kNearstId_partial_1655_out|       pointer|
|local_kNearstId_partial_1655_out_ap_vld  |  out|    1|      ap_vld|                 local_kNearstId_partial_1655_out|       pointer|
|local_kNearstId_partial_1554_out         |  out|   32|      ap_vld|                 local_kNearstId_partial_1554_out|       pointer|
|local_kNearstId_partial_1554_out_ap_vld  |  out|    1|      ap_vld|                 local_kNearstId_partial_1554_out|       pointer|
|local_kNearstId_partial_1453_out         |  out|   32|      ap_vld|                 local_kNearstId_partial_1453_out|       pointer|
|local_kNearstId_partial_1453_out_ap_vld  |  out|    1|      ap_vld|                 local_kNearstId_partial_1453_out|       pointer|
|local_kNearstId_partial_1352_out         |  out|   32|      ap_vld|                 local_kNearstId_partial_1352_out|       pointer|
|local_kNearstId_partial_1352_out_ap_vld  |  out|    1|      ap_vld|                 local_kNearstId_partial_1352_out|       pointer|
|local_kNearstId_partial_1251_out         |  out|   32|      ap_vld|                 local_kNearstId_partial_1251_out|       pointer|
|local_kNearstId_partial_1251_out_ap_vld  |  out|    1|      ap_vld|                 local_kNearstId_partial_1251_out|       pointer|
|local_kNearstId_partial_1150_out         |  out|   32|      ap_vld|                 local_kNearstId_partial_1150_out|       pointer|
|local_kNearstId_partial_1150_out_ap_vld  |  out|    1|      ap_vld|                 local_kNearstId_partial_1150_out|       pointer|
|local_kNearstId_partial_1049_out         |  out|   32|      ap_vld|                 local_kNearstId_partial_1049_out|       pointer|
|local_kNearstId_partial_1049_out_ap_vld  |  out|    1|      ap_vld|                 local_kNearstId_partial_1049_out|       pointer|
|local_kNearstId_partial_948_out          |  out|   32|      ap_vld|                  local_kNearstId_partial_948_out|       pointer|
|local_kNearstId_partial_948_out_ap_vld   |  out|    1|      ap_vld|                  local_kNearstId_partial_948_out|       pointer|
|local_kNearstId_partial_847_out          |  out|   32|      ap_vld|                  local_kNearstId_partial_847_out|       pointer|
|local_kNearstId_partial_847_out_ap_vld   |  out|    1|      ap_vld|                  local_kNearstId_partial_847_out|       pointer|
|local_kNearstId_partial_746_out          |  out|   32|      ap_vld|                  local_kNearstId_partial_746_out|       pointer|
|local_kNearstId_partial_746_out_ap_vld   |  out|    1|      ap_vld|                  local_kNearstId_partial_746_out|       pointer|
|local_kNearstId_partial_645_out          |  out|   32|      ap_vld|                  local_kNearstId_partial_645_out|       pointer|
|local_kNearstId_partial_645_out_ap_vld   |  out|    1|      ap_vld|                  local_kNearstId_partial_645_out|       pointer|
|local_kNearstId_partial_544_out          |  out|   32|      ap_vld|                  local_kNearstId_partial_544_out|       pointer|
|local_kNearstId_partial_544_out_ap_vld   |  out|    1|      ap_vld|                  local_kNearstId_partial_544_out|       pointer|
|local_kNearstId_partial_443_out          |  out|   32|      ap_vld|                  local_kNearstId_partial_443_out|       pointer|
|local_kNearstId_partial_443_out_ap_vld   |  out|    1|      ap_vld|                  local_kNearstId_partial_443_out|       pointer|
|local_kNearstId_partial_342_out          |  out|   32|      ap_vld|                  local_kNearstId_partial_342_out|       pointer|
|local_kNearstId_partial_342_out_ap_vld   |  out|    1|      ap_vld|                  local_kNearstId_partial_342_out|       pointer|
|local_kNearstId_partial_241_out          |  out|   32|      ap_vld|                  local_kNearstId_partial_241_out|       pointer|
|local_kNearstId_partial_241_out_ap_vld   |  out|    1|      ap_vld|                  local_kNearstId_partial_241_out|       pointer|
|local_kNearstId_partial_140_out          |  out|   32|      ap_vld|                  local_kNearstId_partial_140_out|       pointer|
|local_kNearstId_partial_140_out_ap_vld   |  out|    1|      ap_vld|                  local_kNearstId_partial_140_out|       pointer|
|local_kNearstId_partial39_out            |  out|   32|      ap_vld|                    local_kNearstId_partial39_out|       pointer|
|local_kNearstId_partial39_out_ap_vld     |  out|    1|      ap_vld|                    local_kNearstId_partial39_out|       pointer|
+-----------------------------------------+-----+-----+------------+-------------------------------------------------+--------------+

